Γû▓ Next.js 16.1.6 (Turbopack)
- Environments: .env.local

ΓÜá The "middleware" file convention is deprecated. Please use "proxy" instead. Learn more: https://nextjs.org/docs/messages/middleware-to-proxy
  Creating an optimized production build ...
Γ£ô Compiled successfully in 4.0s
  Running TypeScript ...
Failed to compile.

./components/feed/PostCard.tsx:111:18
Type error: Type '{ triggerTimestamp: number; }' is missing the following properties from type 'HeartAnimationProps': x, y

  109 |
  110 |                 {/* Heart Animation Overlay */}
> 111 |                 <HeartAnimation triggerTimestamp={heartTrigger} />
      |                  ^
  112 |             </div>
  113 |
  114 |             {/* Modal mounted conditionally to prevent offscreen rendering */}
Next.js build worker exited with code: 1 and signal: null
